# 馃搳 鏈懆鑰冨嫟缁熻

**缁熻鍛ㄦ湡**: 6鏈?9鏃?- 7鏈?鏃?

馃懃 鎬讳汉鏁? **31** 浜? |  鈿狅笍 鏈夊紓甯? **1** 浜?

### 馃搧 25鍗?

| 濮撳悕 | 缂哄嫟娆℃暟 | 杩熷埌娆℃暟(鍚己鍗? | 鏃╅€€娆℃暟(鍚己鍗? |
| :--- | :------: | :--------------: | :--------------: |
| 鏉庢吵鏅?| 0 | 1 | 0 |

---
馃晲 鐢熸垚鏃堕棿: 2026-06-29 12:56
